de.metas.rest_api.bpartner.impl.bpartnercomposite.JsonRetrieverServiceTest.retrieveBPartnerComposite_byBPartnerCompositeLookupKeys=[
  {
    "bpartner": {
      "active": true,
      "changeLog": {
        "tableName": "C_BPartner",
        "recordId": {
          "keyColumnNames": [
            "C_BPartner_ID"
          ],
          "keysByColumnName": {
            "C_BPartner_ID": 20
          }
        },
        "createdByUserId": 30,
        "createdTimestamp": {
          "seconds": 1561133,
          "nanos": 544000000
        },
        "lastChangedByUserId": 30,
        "lastChangedTimestamp": {
          "seconds": 1561133,
          "nanos": 544000000
        },
        "entries": [ ]
      },
      "customer": true,
      "externalId": {
        "value": "fghij"
      },
      "groupId": 15,
      "id": 20,
      "name": "bpartnerRecord.name",
      "value": "bpartnerRecord.value",
      "vendor": true
    },
    "contacts": [
      {
        "active": true,
        "changeLog": {
          "tableName": "AD_User",
          "recordId": {
            "keyColumnNames": [
              "AD_User_ID"
            ],
            "keysByColumnName": {
              "AD_User_ID": 30
            }
          },
          "createdByUserId": 30,
          "createdTimestamp": {
            "seconds": 1561133,
            "nanos": 544000000
          },
          "lastChangedByUserId": 30,
          "lastChangedTimestamp": {
            "seconds": 1561133,
            "nanos": 544000000
          },
          "entries": [ ]
        },
        "contactType": {
          "billToDefault": {
            "value": false,
            "present": true
          },
          "defaultContact": {
            "value": false,
            "present": true
          },
          "purchase": {
            "value": false,
            "present": true
          },
          "purchaseDefault": {
            "value": false,
            "present": true
          },
          "sales": {
            "value": false,
            "present": true
          },
          "salesDefault": {
            "value": false,
            "present": true
          },
          "shipToDefault": {
            "value": false,
            "present": true
          },
          "subjectMatter": {
            "value": false,
            "present": true
          }
        },
        "email": "bpartnerRecord.email",
        "externalId": {
          "value": "abcde"
        },
        "firstName": "bpartnerRecord.firstName",
        "id": {
          "bpartnerId": 20,
          "userId": 30
        },
        "lastName": "bpartnerRecord.lastName",
        "name": "bpartnerRecord.name",
        "newsletter": true,
        "phone": "bpartnerRecord.phone"
      }
    ],
    "locations": [
      {
        "active": true,
        "address1": "locationRecord.address1",
        "address2": "locationRecord.address2",
        "changeLog": {
          "tableName": "C_BPartner_Location",
          "recordId": {
            "keyColumnNames": [
              "C_BPartner_Location_ID"
            ],
            "keysByColumnName": {
              "C_BPartner_Location_ID": 40
            }
          },
          "createdByUserId": 30,
          "createdTimestamp": {
            "seconds": 1561133,
            "nanos": 544000000
          },
          "lastChangedByUserId": 30,
          "lastChangedTimestamp": {
            "seconds": 1561133,
            "nanos": 544000000
          },
          "entries": [ ]
        },
        "city": "locationRecord.city",
        "countryCode": "countryRecord.countryCode",
        "district": "postalRecord.district",
        "externalId": {
          "value": "bpartnerLocation.externalId"
        },
        "gln": "bpartnerLocationRecord.gln",
        "id": {
          "repoId": 40,
          "bpartnerId": 20
        },
        "locationType": {
          "billTo": {
            "value": false,
            "present": true
          },
          "billToDefault": {
            "value": false,
            "present": true
          },
          "shipTo": {
            "value": false,
            "present": true
          },
          "shipToDefault": {
            "value": false,
            "present": true
          }
        },
        "poBox": "locationRecord.poBox",
        "postal": "locationRecord.postal",
        "region": "locationRecord.regionName"
      }
    ],
    "orgId": 10
  }
]