de.metas.handlingunits.inventory.draftlinescreator.DraftInventoryLinesCreatorTest.execute_MultipleHUInventoryLineAggregator=[
  {
    "id": 100009,
    "docBaseAndSubType": {
      "docBaseType": "MMI",
      "docSubType": "ISH"
    },
    "inventoryType": "PHYSICAL",
    "lines": [
      {
        "id": 100013,
        "orgId": 5,
        "asiId": 100010,
        "productId": 40,
        "storageAttributesKey": "10§&§11",
        "locatorId": "100002_100003",
        "huAggregationType": "MULTI_HU",
        "inventoryType": "PHYSICAL",
        "inventoryLineHUs": [
          {
            "id": 100014,
            "huId": 100,
            "inventoryType": "PHYSICAL",
            "qtyBook": {
              "qty": "10",
              "uomId": 100001
            },
            "qtyCount": {
              "qty": "10",
              "uomId": 100001
            }
          },
          {
            "id": 100015,
            "huId": 200,
            "inventoryType": "PHYSICAL",
            "qtyBook": {
              "qty": "1",
              "uomId": 100001
            },
            "qtyCount": {
              "qty": "1",
              "uomId": 100001
            }
          }
        ]
      },
      {
        "id": 100020,
        "orgId": 5,
        "asiId": 100016,
        "productId": 40,
        "storageAttributesKey": "10§&§11§&§12",
        "locatorId": "100002_100003",
        "huAggregationType": "MULTI_HU",
        "inventoryType": "PHYSICAL",
        "inventoryLineHUs": [
          {
            "id": 100021,
            "huId": 300,
            "inventoryType": "PHYSICAL",
            "qtyBook": {
              "qty": "2",
              "uomId": 100001
            },
            "qtyCount": {
              "qty": "2",
              "uomId": 100001
            }
          }
        ]
      }
    ]
  }
]


de.metas.handlingunits.inventory.draftlinescreator.DraftInventoryLinesCreatorTest.execute_SingleHUInventoryLineAggregator=[
  {
    "id": 100009,
    "docBaseAndSubType": {
      "docBaseType": "MMI",
      "docSubType": "ISH"
    },
    "inventoryType": "PHYSICAL",
    "lines": [
      {
        "id": 100013,
        "orgId": 5,
        "asiId": 100010,
        "productId": 40,
        "storageAttributesKey": "10§&§11",
        "locatorId": "100002_100003",
        "huAggregationType": "SINGLE_HU",
        "inventoryType": "PHYSICAL",
        "inventoryLineHUs": [
          {
            "huId": 100,
            "inventoryType": "PHYSICAL",
            "qtyBook": {
              "qty": "10",
              "uomId": 100001
            },
            "qtyCount": {
              "qty": "10",
              "uomId": 100001
            }
          }
        ]
      },
      {
        "id": 100017,
        "orgId": 5,
        "asiId": 100014,
        "productId": 40,
        "storageAttributesKey": "10§&§11",
        "locatorId": "100002_100003",
        "huAggregationType": "SINGLE_HU",
        "inventoryType": "PHYSICAL",
        "inventoryLineHUs": [
          {
            "huId": 200,
            "inventoryType": "PHYSICAL",
            "qtyBook": {
              "qty": "1",
              "uomId": 100001
            },
            "qtyCount": {
              "qty": "1",
              "uomId": 100001
            }
          }
        ]
      },
      {
        "id": 100022,
        "orgId": 5,
        "asiId": 100018,
        "productId": 40,
        "storageAttributesKey": "10§&§11§&§12",
        "locatorId": "100002_100003",
        "huAggregationType": "SINGLE_HU",
        "inventoryType": "PHYSICAL",
        "inventoryLineHUs": [
          {
            "huId": 300,
            "inventoryType": "PHYSICAL",
            "qtyBook": {
              "qty": "2",
              "uomId": 100001
            },
            "qtyCount": {
              "qty": "2",
              "uomId": 100001
            }
          }
        ]
      }
    ]
  }
]